// Jest Snapshot v1, https://goo.gl/fbAQLP

exports[`Footer should render a <footer> 1`] = `
<footer
  className="root"
>
  <Wrapper>
    <Logo />
  </Wrapper>
</footer>
`;
