// Jest Snapshot v1, https://goo.gl/fbAQLP

exports[`HeaderFooter should render a <div> 1`] = `
<div
  className="root"
>
  <Wrapper />
</div>
`;
