// Jest Snapshot v1, https://goo.gl/fbAQLP

exports[`Loader should render a <div> 1`] = `
<div
  className="root"
/>
`;
