// Jest Snapshot v1, https://goo.gl/fbAQLP

exports[`SearchResult should render a <nav> 1`] = `
<div>
  <Wrapper />
</div>
`;
