// Jest Snapshot v1, https://goo.gl/fbAQLP

exports[`SearchBox should render a <form> 1`] = `
<Connect(Form(withRouter(SearchBox)))
  destroyOnUnmount={true}
  enableReinitialize={false}
  forceUnregisterOnUnmount={false}
  form="search"
  getFormState={[Function]}
  initialValues={
    Object {
      "searchBy": "title",
      "searchText": "",
    }
  }
  keepDirtyOnReinitialize={false}
  persistentSubmitErrors={false}
  pure={true}
  shouldAsyncValidate={[Function]}
  shouldError={[Function]}
  shouldValidate={[Function]}
  shouldWarn={[Function]}
  touchOnBlur={true}
  touchOnChange={false}
/>
`;
