// Jest Snapshot v1, https://goo.gl/fbAQLP

exports[`Wrapper should render a <nav> 1`] = `
<div
  className="root"
/>
`;
